First building id/name, followed by Enter: Second building id/name, followed by Enter: Path from East Campus Athletic Village Arena to East Campus Athletic Village Arena:
Total distance: 0.000 pixel units.
First building id/name, followed by Enter: Second building id/name, followed by Enter: Path from Blitman Residence Commons to Blitman Residence Commons:
Total distance: 0.000 pixel units.
First building id/name, followed by Enter: Second building id/name, followed by Enter: Path from Parking Garage to Parking Garage:
Total distance: 0.000 pixel units.
First building id/name, followed by Enter: Second building id/name, followed by Enter: Path from CBIS to CBIS:
Total distance: 0.000 pixel units.
